// Jest Snapshot v1, https://goo.gl/fbAQLP

exports[`Stateless Component should match snapshot 1`] = `
"import React from 'react'
//import { Container } from './styles
function Header() {
  return \\"Please Change me! ðŸ˜„\\"
}

export default Header"
`;
